[2025-12-18 01:03:46,112][root][WARNING] - Malformed experiment '1'. Detailed error Yaml file '/Users/choheekim/SynFS/mlruns/1/meta.yaml' does not exist.
Traceback (most recent call last):
  File "/Users/choheekim/miniconda3/envs/synfs/lib/python3.10/site-packages/mlflow/store/tracking/file_store.py", line 378, in search_experiments
    exp = self._get_experiment(exp_id, view_type)
  File "/Users/choheekim/miniconda3/envs/synfs/lib/python3.10/site-packages/mlflow/store/tracking/file_store.py", line 476, in _get_experiment
    meta = FileStore._read_yaml(experiment_dir, FileStore.META_DATA_FILE_NAME)
  File "/Users/choheekim/miniconda3/envs/synfs/lib/python3.10/site-packages/mlflow/store/tracking/file_store.py", line 1646, in _read_yaml
    return _read_helper(root, file_name, attempts_remaining=retries)
  File "/Users/choheekim/miniconda3/envs/synfs/lib/python3.10/site-packages/mlflow/store/tracking/file_store.py", line 1639, in _read_helper
    result = read_yaml(root, file_name)
  File "/Users/choheekim/miniconda3/envs/synfs/lib/python3.10/site-packages/mlflow/utils/yaml_utils.py", line 104, in read_yaml
    raise MissingConfigException(f"Yaml file '{file_path}' does not exist.")
mlflow.exceptions.MissingConfigException: Yaml file '/Users/choheekim/SynFS/mlruns/1/meta.yaml' does not exist.
[2025-12-18 01:03:46,378][root][WARNING] - Malformed experiment '1'. Detailed error Yaml file '/Users/choheekim/SynFS/mlruns/1/meta.yaml' does not exist.
Traceback (most recent call last):
  File "/Users/choheekim/miniconda3/envs/synfs/lib/python3.10/site-packages/mlflow/store/tracking/file_store.py", line 378, in search_experiments
    exp = self._get_experiment(exp_id, view_type)
  File "/Users/choheekim/miniconda3/envs/synfs/lib/python3.10/site-packages/mlflow/store/tracking/file_store.py", line 476, in _get_experiment
    meta = FileStore._read_yaml(experiment_dir, FileStore.META_DATA_FILE_NAME)
  File "/Users/choheekim/miniconda3/envs/synfs/lib/python3.10/site-packages/mlflow/store/tracking/file_store.py", line 1646, in _read_yaml
    return _read_helper(root, file_name, attempts_remaining=retries)
  File "/Users/choheekim/miniconda3/envs/synfs/lib/python3.10/site-packages/mlflow/store/tracking/file_store.py", line 1639, in _read_helper
    result = read_yaml(root, file_name)
  File "/Users/choheekim/miniconda3/envs/synfs/lib/python3.10/site-packages/mlflow/utils/yaml_utils.py", line 104, in read_yaml
    raise MissingConfigException(f"Yaml file '{file_path}' does not exist.")
mlflow.exceptions.MissingConfigException: Yaml file '/Users/choheekim/SynFS/mlruns/1/meta.yaml' does not exist.
